<?xml version="1.0" encoding="UTF-8"?>
<testsuites name="jest tests" tests="1" failures="0" errors="0" time="0.256">
  <testsuite name="GET /" errors="0" failures="0" skipped="0" timestamp="2023-06-13T15:43:12" time="0.234" tests="1">
    <testcase classname="GET / respond with hello world" name="GET / respond with hello world" time="0.013">
    </testcase>
  </testsuite>
</testsuites>